uv run ruff check swarmmind tests scripts
All checks passed!
uv run pytest
........................................................................ [ 11%]
........................................................................ [ 23%]
........................................................................ [ 35%]
........................................................................ [ 47%]
........................................................................ [ 59%]
........................................................................ [ 71%]
........................................................................ [ 83%]
........................................................................ [ 94%]
...............................                                          [100%]
607 passed in 551.76s (0:09:11)
uv run python -m swarmmind.cli run --headless --scenario test --seed 42

  SwarmMind scorecard  seed=42  t=420.0s
  ------------------------------------------------------------
  victims rescued     3/8
  victims found       4/8
  ground explored     76.6%
  robots lost         2/16
  mean time to rescue 169.7s
  energy used         7.84
  directives          22 issued, 0 rejected
  wall / rtf          23.18s / 18.12x
  hash                2e9b29dc80f5b5c2

